[http://example.com/]

Dear John Doe,

This is a courtesy notice that your points balance of 222 Reward
Points at USA Store Group [http://example.com/] may expire in 5 DAYS.


You can stop the points from expiring by logging in to your account
[http://example.com/customer/account/login/] and spending your points
towards a product or promotion. Thank you,
USA STORE GROUP