[http://example.com/]

Dear John Doe,

Your account balance has been updated at USA Store Group
[http://example.com/].

* Balance Update: 222 REWARD POINTS
* Comment for balance update: text, text, text text, text, text
text, text, text.
* Balance Total: 222 REWARD POINTS

Thank you,
USA STORE GROUP