[http://example.com/]

Dear Bill Gates,

John Doe would like to invite you to USA Store Group
[http://example.com/]

John Doe's Message:
some message

Thank you again, USA STORE GROUP